C:\Users\mps\Desktop\springbootrestapi\src\main\java\com\pafgroup\springbootrestapi\repository\ProductRepository.java
C:\Users\mps\Desktop\springbootrestapi\src\main\java\com\pafgroup\springbootrestapi\dao\ProductDAO.java
C:\Users\mps\Desktop\springbootrestapi\src\main\java\com\pafgroup\springbootrestapi\model\ProductType.java
C:\Users\mps\Desktop\springbootrestapi\src\main\java\com\pafgroup\springbootrestapi\dao\ProductTypeDAO.java
C:\Users\mps\Desktop\springbootrestapi\src\main\java\com\pafgroup\springbootrestapi\ProductApplication.java
C:\Users\mps\Desktop\springbootrestapi\src\main\java\com\pafgroup\springbootrestapi\controller\ProductTypeController.java
C:\Users\mps\Desktop\springbootrestapi\src\main\java\com\pafgroup\springbootrestapi\model\Product.java
C:\Users\mps\Desktop\springbootrestapi\src\main\java\com\pafgroup\springbootrestapi\controller\ProductController.java
C:\Users\mps\Desktop\springbootrestapi\src\main\java\com\pafgroup\springbootrestapi\repository\ProductTypeRepository.java
